<?xml version="1.0" encoding="utf-8"?><testsuites><testsuite name="pytest" errors="0" failures="0" skipped="0" tests="10" time="12.372" timestamp="2025-03-10T23:35:39.767600+07:00" hostname="Ahmadilham.local"><testcase classname="tests.rest.test_account_balance" name="test_get_account_balance" time="1.631" /><testcase classname="tests.rest.test_limit_order" name="test_place_limit_order[BTCUSDT-BUY-0.001-30000]" time="0.931" /><testcase classname="tests.rest.test_limit_order" name="test_place_limit_order[BTCUSDT-BUY-0.002-31000]" time="1.004" /><testcase classname="tests.rest.test_limit_order" name="test_place_limit_order[BTCUSDT-SELL-0.001-32000]" time="0.480" /><testcase classname="tests.rest.test_open_orders" name="test_get_open_orders" time="1.556" /><testcase classname="tests.rest.test_order_book" name="test_get_order_book" time="0.474" /><testcase classname="tests.rest.test_trade_history" name="test_trade_history[BTCUSDT-0.001-30000]" time="1.903" /><testcase classname="tests.websocket.test_websocket" name="test_order_book_stream" time="2.518" /><testcase classname="tests.websocket.test_websocket" name="test_trade_stream" time="0.001" /><testcase classname="tests.websocket.test_websocket" name="test_user_data_stream" time="1.693" /></testsuite></testsuites>